A20PROC...........A20PROC           ACCESSRESOURCE....ACCESSRESOURCE
ADDATOM...........ADDATOM           ALLOCALIAS........ALLOCALIAS
ALLOCCSTODSALIAS..ALLOCCSTODSALIAS  ALLOCDSTOCSALIAS..ALLOCDSTOCSALIAS
ALLOCRESOURCE.....ALLOCRESOURCE     ALLOCSELECTOR.....ALLOCSELECTOR
ALLOCSELECTORARRAY..ALLOCSELECTORARRAY  BUNNY_351.....BUNNY_351
CALLPROCINSTANCE..CALLPROCINSTANCE  CATCH.............CATCH
CVWBREAK..........CVWBREAK          DEBUGBREAK........DEBUGBREAK
DEBUGDEFINESEGMENT..DEBUGDEFINESEGMENT  DEFINEHANDLETABLE..DEFINEHANDLETABLE
DELETEATOM........DELETEATOM        DELETEPATHNAME....DELETEPATHNAME
DIAGOUTPUT........DIAGOUTPUT        DIAGQUERY.........DIAGQUERY
DIRECTEDYIELD.....DIRECTEDYIELD     DIRECTRESALLOC....DIRECTRESALLOC
DISABLEDOS........DISABLEDOS        DISABLEKERNEL.....DISABLEKERNEL
DOS3CALL..........DOS3CALL          DOSIGNAL..........DOSIGNAL
EMSCOPY...........EMSCOPY           ENABLEDOS.........ENABLEDOS
ENABLEKERNEL......ENABLEKERNEL      EXITKERNEL........EXITKERNEL
FATALAPPEXIT......FATALAPPEXIT      FATALEXIT.........FATALEXIT
FATALEXITHOOK.....FATALEXITHOOK     FILECDR...........FILECDR
FINDATOM..........FINDATOM          FINDRESOURCE......FINDRESOURCE
FLUSHCACHEDFILEHANDLE..FLUSHCACHEDFILEHANDLE  FREELIBRARY..FREELIBRARY
FREEMODULE........FREEMODULE        FREEPROCINSTANCE..FREEPROCINSTANCE
FREERESOURCE......FREERESOURCE      FREESELECTOR......FREESELECTOR
GETAPPCOMPATFLAGS..GETAPPCOMPATFLAGS  GETATOMHANDLE...GETATOMHANDLE
GETATOMNAME.......GETATOMNAME       GETCODEHANDLE.....GETCODEHANDLE
GETCODEINFO.......GETCODEINFO       GETCURPID.........GETCURPID
GETCURRENTPDB.....GETCURRENTPDB     GETCURRENTTASK....GETCURRENTTASK
GETDOSENVIRONMENT..GETDOSENVIRONMENT  GETDRIVETYPE....GETDRIVETYPE
GETEXEPTR.........GETEXEPTR         GETEXEVERSION.....GETEXEVERSION
GETEXPWINVER......GETEXPWINVER      GETFREEMEMINFO....GETFREEMEMINFO
GETFREESPACE......GETFREESPACE      GETHEAPSPACES.....GETHEAPSPACES
GETINSTANCEDATA...GETINSTANCEDATA   GETLASTDISKCHANGE..GETLASTDISKCHANGE
GETLPERRMODE......GETLPERRMODE      GETMODULEFILENAME..GETMODULEFILENAME
GETMODULEHANDLE...GETMODULEHANDLE   GETMODULEUSAGE....GETMODULEUSAGE
GETNUMTASKS.......GETNUMTASKS       GETPRIVATEPROFILEINT..GETPRIVATEPROFILEINT
GETPRIVATEPROFILESTRING..GETPRIVATEPROFILESTRING  GETPROCADDRESS..GETPROCADDRESS
GETPROFILEINT.....GETPROFILEINT     GETPROFILESTRING..GETPROFILESTRING
GETSELECTORBASE...GETSELECTORBASE   GETSELECTORLIMIT..GETSELECTORLIMIT
GETSETKERNELDOSPROC..GETSETKERNELDOSPROC  GETSYSTEMDIRECTORY..GETSYSTEMDIRECTORY
GETTASKDS.........GETTASKDS         GETTASKQUEUE......GETTASKQUEUE
GETTASKQUEUEDS....GETTASKQUEUEDS    GETTASKQUEUEES....GETTASKQUEUEES
GETTEMPDRIVE......GETTEMPDRIVE      GETTEMPFILENAME...GETTEMPFILENAME
GETVERSION........GETVERSION        GETWINDEBUGINFO...GETWINDEBUGINFO
GETWINDOWSDIRECTORY..GETWINDOWSDIRECTORY  GETWINFLAGS..GETWINFLAGS
GETWINOLDAPHOOKS..GETWINOLDAPHOOKS  GLOBALALLOC.......GLOBALALLOC
GLOBALCOMPACT.....GLOBALCOMPACT     GLOBALDOSALLOC....GLOBALDOSALLOC
GLOBALDOSFREE.....GLOBALDOSFREE     GLOBALFIX.........GLOBALFIX
GLOBALFLAGS.......GLOBALFLAGS       GLOBALFREE........GLOBALFREE
GLOBALFREEALL.....GLOBALFREEALL     GLOBALHANDLE......GLOBALHANDLE
GLOBALHANDLENORIP..GLOBALHANDLENORIP  GLOBALLOCK......GLOBALLOCK
GLOBALLRUNEWEST...GLOBALLRUNEWEST   GLOBALLRUOLDEST...GLOBALLRUOLDEST
GLOBALMASTERHANDLE..GLOBALMASTERHANDLE  GLOBALNOTIFY..GLOBALNOTIFY
GLOBALPAGELOCK....GLOBALPAGELOCK    GLOBALPAGEUNLOCK..GLOBALPAGEUNLOCK
GLOBALREALLOC.....GLOBALREALLOC     GLOBALSIZE........GLOBALSIZE
GLOBALUNFIX.......GLOBALUNFIX       GLOBALUNLOCK......GLOBALUNLOCK
GLOBALUNWIRE......GLOBALUNWIRE      GLOBALWIRE........GLOBALWIRE
HASGPHANDLER......HASGPHANDLER      HMEMCPY...........HMEMCPY
INITATOMTABLE.....INITATOMTABLE     INITLIB...........INITLIB
INITTASK..........INITTASK          INITTASK1.........INITTASK1
ISBADCODEPTR......ISBADCODEPTR      ISBADHUGEREADPTR..ISBADHUGEREADPTR
ISBADHUGEWRITEPTR..ISBADHUGEWRITEPTR  ISBADREADPTR....ISBADREADPTR
ISBADSTRINGPTR....ISBADSTRINGPTR    ISBADWRITEPTR.....ISBADWRITEPTR
ISDBCSLEADBYTE....ISDBCSLEADBYTE    ISROMFILE.........ISROMFILE
ISROMMODULE.......ISROMMODULE       ISSHAREDSELECTOR..ISSHAREDSELECTOR
ISTASK............ISTASK            ISTASKLOCKED......ISTASKLOCKED
ISWINOLDAPTASK....ISWINOLDAPTASK    K327..............K327
K329..............K329              K403..............K403
K404..............K404              KBDRST............KBDRST
LIMITEMSPAGES.....LIMITEMSPAGES     LOADLIBRARY.......LOADLIBRARY
LOADMODULE........LOADMODULE        LOADRESOURCE......LOADRESOURCE
LOCALALLOC........LOCALALLOC        LOCALCOMPACT......LOCALCOMPACT
LOCALCOUNTFREE....LOCALCOUNTFREE    LOCALFLAGS........LOCALFLAGS
LOCALFREE.........LOCALFREE         LOCALHANDLE.......LOCALHANDLE
LOCALHANDLEDELTA..LOCALHANDLEDELTA  LOCALHEAPSIZE.....LOCALHEAPSIZE
LOCALINIT.........LOCALINIT         LOCALLOCK.........LOCALLOCK
LOCALNOTIFY.......LOCALNOTIFY       LOCALREALLOC......LOCALREALLOC
LOCALSHRINK.......LOCALSHRINK       LOCALSIZE.........LOCALSIZE
LOCALUNLOCK.......LOCALUNLOCK       LOCKCURRENTTASK...LOCKCURRENTTASK
LOCKRESOURCE......LOCKRESOURCE      LOCKSEGMENT.......LOCKSEGMENT
LOGERROR..........LOGERROR          LOGPARAMERROR.....LOGPARAMERROR
LONGPTRADD........LONGPTRADD        LSTRCAT...........LSTRCAT
LSTRCPY...........LSTRCPY           LSTRCPYN..........LSTRCPYN
LSTRLEN...........LSTRLEN           MAKEPROCINSTANCE..MAKEPROCINSTANCE
MEMORYFREED.......MEMORYFREED       NETBIOSCALL.......NETBIOSCALL
NOHOOKDOSCALL.....NOHOOKDOSCALL     OLDYIELD..........OLDYIELD
OPENFILE..........OPENFILE          OPENPATHNAME......OPENPATHNAME
OUTPUTDEBUGSTRING..OUTPUTDEBUGSTRING  PATCHCODEHANDLE..PATCHCODEHANDLE
POSTEVENT.........POSTEVENT         PRESTOCHANGOSELECTOR..PRESTOCHANGOSELECTOR
REGISTERPTRACE....REGISTERPTRACE    REGISTERWINOLDAPHOOK..REGISTERWINOLDAPHOOK
REPLACEINST.......REPLACEINST       RESERVED1.........RESERVED1
RESERVED2.........RESERVED2         RESERVED3.........RESERVED3
RESERVED4.........RESERVED4         RESERVED5.........RESERVED5
SELECTORACCESSRIGHTS..SELECTORACCESSRIGHTS  SETERRORMODE..SETERRORMODE
SETHANDLECOUNT....SETHANDLECOUNT    SETPRIORITY.......SETPRIORITY
SETRESOURCEHANDLER..SETRESOURCEHANDLER  SETSELECTORBASE..SETSELECTORBASE
SETSELECTORLIMIT..SETSELECTORLIMIT  SETSIGHANDLER.....SETSIGHANDLER
SETSWAPAREASIZE...SETSWAPAREASIZE   SETTASKQUEUE......SETTASKQUEUE
SETTASKSIGNALPROC..SETTASKSIGNALPROC  SETWINDEBUGINFO..SETWINDEBUGINFO
SIZEOFRESOURCE....SIZEOFRESOURCE    SWAPRECORDING.....SWAPRECORDING
SWITCHSTACKBACK...SWITCHSTACKBACK   SWITCHSTACKTO.....SWITCHSTACKTO
THHOOK............THHOOK            THROW.............THROW
TOOLHELPHOOK......TOOLHELPHOOK      UNDEFDYNLINK......UNDEFDYNLINK
UNLOCKSEGMENT.....UNLOCKSEGMENT     VALIDATECODESEGMENTS..VALIDATECODESEGMENTS
VALIDATEFREESPACES..VALIDATEFREESPACES  WAITEVENT.....WAITEVENT
WINEXEC...........WINEXEC           WINOLDAPCALL......WINOLDAPCALL
WRITEOUTPROFILES..WRITEOUTPROFILES  WRITEPRIVATEPROFILESTRING..WRITEPRIVATEPROFILESTRING
WRITEPROFILESTRING..WRITEPROFILESTRING  YIELD.........YIELD
_DebugOutput......_DebugOutput      _HREAD............_HREAD
_HWRITE..........._HWRITE           _LCLOSE..........._LCLOSE
_LCREAT..........._LCREAT           _LLSEEK..........._LLSEEK
_LOPEN............_LOPEN            _LREAD............_LREAD
_LWRITE..........._LWRITE           __0000h...........__0000h
__0040h...........__0040h           __A000h...........__A000h
__AHINCR..........__AHINCR          __AHSHIFT.........__AHSHIFT
__B000h...........__B000h           __B800h...........__B800h
__C000h...........__C000h           __D000h...........__D000h
__E000h...........__E000h           __F000h...........__F000h
__GP..............__GP              __ROMBIOS.........__ROMBIOS
__WINFLAGS........__WINFLAGS        

FATALEXIT         Offset: 00000010H  Code and data size: 0H
  FATALEXIT       

EXITKERNEL        Offset: 00000040H  Code and data size: 0H
  EXITKERNEL      

GETVERSION        Offset: 00000070H  Code and data size: 0H
  GETVERSION      

LOCALINIT         Offset: 000000a0H  Code and data size: 0H
  LOCALINIT       

LOCALALLOC        Offset: 000000d0H  Code and data size: 0H
  LOCALALLOC      

LOCALREALLOC      Offset: 00000100H  Code and data size: 0H
  LOCALREALLOC    

LOCALFREE         Offset: 00000140H  Code and data size: 0H
  LOCALFREE       

LOCALLOCK         Offset: 00000170H  Code and data size: 0H
  LOCALLOCK       

LOCALUNLOCK       Offset: 000001a0H  Code and data size: 0H
  LOCALUNLOCK     

LOCALSIZE         Offset: 000001e0H  Code and data size: 0H
  LOCALSIZE       

LOCALHANDLE       Offset: 00000210H  Code and data size: 0H
  LOCALHANDLE     

LOCALFLAGS        Offset: 00000250H  Code and data size: 0H
  LOCALFLAGS      

LOCALCOMPACT      Offset: 00000280H  Code and data size: 0H
  LOCALCOMPACT    

LOCALNOTIFY       Offset: 000002c0H  Code and data size: 0H
  LOCALNOTIFY     

GLOBALALLOC       Offset: 00000300H  Code and data size: 0H
  GLOBALALLOC     

GLOBALREALLOC     Offset: 00000340H  Code and data size: 0H
  GLOBALREALLOC   

GLOBALFREE        Offset: 00000380H  Code and data size: 0H
  GLOBALFREE      

GLOBALLOCK        Offset: 000003b0H  Code and data size: 0H
  GLOBALLOCK      

GLOBALUNLOCK      Offset: 000003e0H  Code and data size: 0H
  GLOBALUNLOCK    

GLOBALSIZE        Offset: 00000420H  Code and data size: 0H
  GLOBALSIZE      

GLOBALHANDLE      Offset: 00000450H  Code and data size: 0H
  GLOBALHANDLE    

GLOBALFLAGS       Offset: 00000490H  Code and data size: 0H
  GLOBALFLAGS     

LOCKSEGMENT       Offset: 000004d0H  Code and data size: 0H
  LOCKSEGMENT     

UNLOCKSEGMENT     Offset: 00000510H  Code and data size: 0H
  UNLOCKSEGMENT   

GLOBALCOMPACT     Offset: 00000550H  Code and data size: 0H
  GLOBALCOMPACT   

GLOBALFREEALL     Offset: 00000590H  Code and data size: 0H
  GLOBALFREEALL   

GLOBALMASTERHANDLE  Offset: 000005d0H  Code and data size: 0H
  GLOBALMASTERHANDLE                

YIELD             Offset: 00000610H  Code and data size: 0H
  YIELD           

WAITEVENT         Offset: 00000640H  Code and data size: 0H
  WAITEVENT       

POSTEVENT         Offset: 00000670H  Code and data size: 0H
  POSTEVENT       

SETPRIORITY       Offset: 000006a0H  Code and data size: 0H
  SETPRIORITY     

LOCKCURRENTTASK   Offset: 000006e0H  Code and data size: 0H
  LOCKCURRENTTASK 

SETTASKQUEUE      Offset: 00000720H  Code and data size: 0H
  SETTASKQUEUE    

GETTASKQUEUE      Offset: 00000760H  Code and data size: 0H
  GETTASKQUEUE    

GETCURRENTTASK    Offset: 000007a0H  Code and data size: 0H
  GETCURRENTTASK  

GETCURRENTPDB     Offset: 000007e0H  Code and data size: 0H
  GETCURRENTPDB   

SETTASKSIGNALPROC  Offset: 00000820H  Code and data size: 0H
  SETTASKSIGNALPROC                 

ENABLEDOS         Offset: 00000860H  Code and data size: 0H
  ENABLEDOS       

DISABLEDOS        Offset: 00000890H  Code and data size: 0H
  DISABLEDOS      

LOADMODULE        Offset: 000008c0H  Code and data size: 0H
  LOADMODULE      

FREEMODULE        Offset: 000008f0H  Code and data size: 0H
  FREEMODULE      

GETMODULEHANDLE   Offset: 00000920H  Code and data size: 0H
  GETMODULEHANDLE 

GETMODULEUSAGE    Offset: 00000960H  Code and data size: 0H
  GETMODULEUSAGE  

GETMODULEFILENAME  Offset: 000009a0H  Code and data size: 0H
  GETMODULEFILENAME                 

GETPROCADDRESS    Offset: 000009e0H  Code and data size: 0H
  GETPROCADDRESS  

MAKEPROCINSTANCE  Offset: 00000a20H  Code and data size: 0H
  MAKEPROCINSTANCE

FREEPROCINSTANCE  Offset: 00000a60H  Code and data size: 0H
  FREEPROCINSTANCE

CALLPROCINSTANCE  Offset: 00000aa0H  Code and data size: 0H
  CALLPROCINSTANCE

GETINSTANCEDATA   Offset: 00000ae0H  Code and data size: 0H
  GETINSTANCEDATA 

CATCH             Offset: 00000b20H  Code and data size: 0H
  CATCH           

THROW             Offset: 00000b50H  Code and data size: 0H
  THROW           

GETPROFILEINT     Offset: 00000b80H  Code and data size: 0H
  GETPROFILEINT   

GETPROFILESTRING  Offset: 00000bc0H  Code and data size: 0H
  GETPROFILESTRING

WRITEPROFILESTRING  Offset: 00000c00H  Code and data size: 0H
  WRITEPROFILESTRING                

FINDRESOURCE      Offset: 00000c40H  Code and data size: 0H
  FINDRESOURCE    

LOADRESOURCE      Offset: 00000c80H  Code and data size: 0H
  LOADRESOURCE    

LOCKRESOURCE      Offset: 00000cc0H  Code and data size: 0H
  LOCKRESOURCE    

FREERESOURCE      Offset: 00000d00H  Code and data size: 0H
  FREERESOURCE    

ACCESSRESOURCE    Offset: 00000d40H  Code and data size: 0H
  ACCESSRESOURCE  

SIZEOFRESOURCE    Offset: 00000d80H  Code and data size: 0H
  SIZEOFRESOURCE  

ALLOCRESOURCE     Offset: 00000dc0H  Code and data size: 0H
  ALLOCRESOURCE   

SETRESOURCEHANDLER  Offset: 00000e00H  Code and data size: 0H
  SETRESOURCEHANDLER                

INITATOMTABLE     Offset: 00000e40H  Code and data size: 0H
  INITATOMTABLE   

FINDATOM          Offset: 00000e80H  Code and data size: 0H
  FINDATOM        

ADDATOM           Offset: 00000eb0H  Code and data size: 0H
  ADDATOM         

DELETEATOM        Offset: 00000ee0H  Code and data size: 0H
  DELETEATOM      

GETATOMNAME       Offset: 00000f10H  Code and data size: 0H
  GETATOMNAME     

GETATOMHANDLE     Offset: 00000f50H  Code and data size: 0H
  GETATOMHANDLE   

OPENFILE          Offset: 00000f90H  Code and data size: 0H
  OPENFILE        

OPENPATHNAME      Offset: 00000fc0H  Code and data size: 0H
  OPENPATHNAME    

DELETEPATHNAME    Offset: 00001000H  Code and data size: 0H
  DELETEPATHNAME  

RESERVED1         Offset: 00001040H  Code and data size: 0H
  RESERVED1       

RESERVED2         Offset: 00001070H  Code and data size: 0H
  RESERVED2       

RESERVED3         Offset: 000010a0H  Code and data size: 0H
  RESERVED3       

RESERVED4         Offset: 000010d0H  Code and data size: 0H
  RESERVED4       

_LCLOSE           Offset: 00001100H  Code and data size: 0H
  _LCLOSE         

_LREAD            Offset: 00001130H  Code and data size: 0H
  _LREAD          

_LCREAT           Offset: 00001160H  Code and data size: 0H
  _LCREAT         

_LLSEEK           Offset: 00001190H  Code and data size: 0H
  _LLSEEK         

_LOPEN            Offset: 000011c0H  Code and data size: 0H
  _LOPEN          

_LWRITE           Offset: 000011f0H  Code and data size: 0H
  _LWRITE         

RESERVED5         Offset: 00001220H  Code and data size: 0H
  RESERVED5       

LSTRCPY           Offset: 00001250H  Code and data size: 0H
  LSTRCPY         

LSTRCAT           Offset: 00001280H  Code and data size: 0H
  LSTRCAT         

LSTRLEN           Offset: 000012b0H  Code and data size: 0H
  LSTRLEN         

INITTASK          Offset: 000012e0H  Code and data size: 0H
  INITTASK        

GETTEMPDRIVE      Offset: 00001310H  Code and data size: 0H
  GETTEMPDRIVE    

GETCODEHANDLE     Offset: 00001350H  Code and data size: 0H
  GETCODEHANDLE   

DEFINEHANDLETABLE  Offset: 00001390H  Code and data size: 0H
  DEFINEHANDLETABLE                 

LOADLIBRARY       Offset: 000013d0H  Code and data size: 0H
  LOADLIBRARY     

FREELIBRARY       Offset: 00001410H  Code and data size: 0H
  FREELIBRARY     

GETTEMPFILENAME   Offset: 00001450H  Code and data size: 0H
  GETTEMPFILENAME 

GETLASTDISKCHANGE  Offset: 00001490H  Code and data size: 0H
  GETLASTDISKCHANGE                 

GETLPERRMODE      Offset: 000014d0H  Code and data size: 0H
  GETLPERRMODE    

VALIDATECODESEGMENTS  Offset: 00001510H  Code and data size: 0H
  VALIDATECODESEGMENTS              

NOHOOKDOSCALL     Offset: 00001560H  Code and data size: 0H
  NOHOOKDOSCALL   

DOS3CALL          Offset: 000015a0H  Code and data size: 0H
  DOS3CALL        

NETBIOSCALL       Offset: 000015d0H  Code and data size: 0H
  NETBIOSCALL     

GETCODEINFO       Offset: 00001610H  Code and data size: 0H
  GETCODEINFO     

GETEXEVERSION     Offset: 00001650H  Code and data size: 0H
  GETEXEVERSION   

SETSWAPAREASIZE   Offset: 00001690H  Code and data size: 0H
  SETSWAPAREASIZE 

SETERRORMODE      Offset: 000016d0H  Code and data size: 0H
  SETERRORMODE    

SWITCHSTACKTO     Offset: 00001710H  Code and data size: 0H
  SWITCHSTACKTO   

SWITCHSTACKBACK   Offset: 00001750H  Code and data size: 0H
  SWITCHSTACKBACK 

PATCHCODEHANDLE   Offset: 00001790H  Code and data size: 0H
  PATCHCODEHANDLE 

GLOBALWIRE        Offset: 000017d0H  Code and data size: 0H
  GLOBALWIRE      

GLOBALUNWIRE      Offset: 00001800H  Code and data size: 0H
  GLOBALUNWIRE    

__AHSHIFT         Offset: 00001840H  Code and data size: 0H
  __AHSHIFT       

__AHINCR          Offset: 00001870H  Code and data size: 0H
  __AHINCR        

OUTPUTDEBUGSTRING  Offset: 000018a0H  Code and data size: 0H
  OUTPUTDEBUGSTRING                 

INITLIB           Offset: 000018e0H  Code and data size: 0H
  INITLIB         

OLDYIELD          Offset: 00001910H  Code and data size: 0H
  OLDYIELD        

GETTASKQUEUEDS    Offset: 00001940H  Code and data size: 0H
  GETTASKQUEUEDS  

GETTASKQUEUEES    Offset: 00001980H  Code and data size: 0H
  GETTASKQUEUEES  

UNDEFDYNLINK      Offset: 000019c0H  Code and data size: 0H
  UNDEFDYNLINK    

LOCALSHRINK       Offset: 00001a00H  Code and data size: 0H
  LOCALSHRINK     

ISTASKLOCKED      Offset: 00001a40H  Code and data size: 0H
  ISTASKLOCKED    

KBDRST            Offset: 00001a80H  Code and data size: 0H
  KBDRST          

ENABLEKERNEL      Offset: 00001ab0H  Code and data size: 0H
  ENABLEKERNEL    

DISABLEKERNEL     Offset: 00001af0H  Code and data size: 0H
  DISABLEKERNEL   

MEMORYFREED       Offset: 00001b30H  Code and data size: 0H
  MEMORYFREED     

GETPRIVATEPROFILEINT  Offset: 00001b70H  Code and data size: 0H
  GETPRIVATEPROFILEINT              

GETPRIVATEPROFILESTRING  Offset: 00001bc0H  Code and data size: 0H
  GETPRIVATEPROFILESTRING           

WRITEPRIVATEPROFILESTRING  Offset: 00001c10H  Code and data size: 0H
  WRITEPRIVATEPROFILESTRING         

FILECDR           Offset: 00001c60H  Code and data size: 0H
  FILECDR         

GETDOSENVIRONMENT  Offset: 00001c90H  Code and data size: 0H
  GETDOSENVIRONMENT                 

GETWINFLAGS       Offset: 00001cd0H  Code and data size: 0H
  GETWINFLAGS     

GETEXEPTR         Offset: 00001d10H  Code and data size: 0H
  GETEXEPTR       

GETWINDOWSDIRECTORY  Offset: 00001d40H  Code and data size: 0H
  GETWINDOWSDIRECTORY               

GETSYSTEMDIRECTORY  Offset: 00001d90H  Code and data size: 0H
  GETSYSTEMDIRECTORY                

GETDRIVETYPE      Offset: 00001dd0H  Code and data size: 0H
  GETDRIVETYPE    

FATALAPPEXIT      Offset: 00001e10H  Code and data size: 0H
  FATALAPPEXIT    

GETHEAPSPACES     Offset: 00001e50H  Code and data size: 0H
  GETHEAPSPACES   

DOSIGNAL          Offset: 00001e90H  Code and data size: 0H
  DOSIGNAL        

SETSIGHANDLER     Offset: 00001ec0H  Code and data size: 0H
  SETSIGHANDLER   

INITTASK1         Offset: 00001f00H  Code and data size: 0H
  INITTASK1       

DIRECTEDYIELD     Offset: 00001f30H  Code and data size: 0H
  DIRECTEDYIELD   

WINOLDAPCALL      Offset: 00001f70H  Code and data size: 0H
  WINOLDAPCALL    

GETNUMTASKS       Offset: 00001fb0H  Code and data size: 0H
  GETNUMTASKS     

GLOBALNOTIFY      Offset: 00001ff0H  Code and data size: 0H
  GLOBALNOTIFY    

GETTASKDS         Offset: 00002030H  Code and data size: 0H
  GETTASKDS       

LIMITEMSPAGES     Offset: 00002060H  Code and data size: 0H
  LIMITEMSPAGES   

GETCURPID         Offset: 000020a0H  Code and data size: 0H
  GETCURPID       

ISWINOLDAPTASK    Offset: 000020d0H  Code and data size: 0H
  ISWINOLDAPTASK  

GLOBALHANDLENORIP  Offset: 00002110H  Code and data size: 0H
  GLOBALHANDLENORIP                 

EMSCOPY           Offset: 00002150H  Code and data size: 0H
  EMSCOPY         

LOCALCOUNTFREE    Offset: 00002180H  Code and data size: 0H
  LOCALCOUNTFREE  

LOCALHEAPSIZE     Offset: 000021c0H  Code and data size: 0H
  LOCALHEAPSIZE   

GLOBALLRUOLDEST   Offset: 00002200H  Code and data size: 0H
  GLOBALLRUOLDEST 

GLOBALLRUNEWEST   Offset: 00002240H  Code and data size: 0H
  GLOBALLRUNEWEST 

A20PROC           Offset: 00002280H  Code and data size: 0H
  A20PROC         

WINEXEC           Offset: 000022b0H  Code and data size: 0H
  WINEXEC         

GETEXPWINVER      Offset: 000022e0H  Code and data size: 0H
  GETEXPWINVER    

DIRECTRESALLOC    Offset: 00002320H  Code and data size: 0H
  DIRECTRESALLOC  

GETFREESPACE      Offset: 00002360H  Code and data size: 0H
  GETFREESPACE    

ALLOCCSTODSALIAS  Offset: 000023a0H  Code and data size: 0H
  ALLOCCSTODSALIAS

ALLOCDSTOCSALIAS  Offset: 000023e0H  Code and data size: 0H
  ALLOCDSTOCSALIAS

ALLOCALIAS        Offset: 00002420H  Code and data size: 0H
  ALLOCALIAS      

__ROMBIOS         Offset: 00002450H  Code and data size: 0H
  __ROMBIOS       

__A000h           Offset: 00002480H  Code and data size: 0H
  __A000h         

ALLOCSELECTOR     Offset: 000024b0H  Code and data size: 0H
  ALLOCSELECTOR   

FREESELECTOR      Offset: 000024f0H  Code and data size: 0H
  FREESELECTOR    

PRESTOCHANGOSELECTOR  Offset: 00002530H  Code and data size: 0H
  PRESTOCHANGOSELECTOR              

__WINFLAGS        Offset: 00002580H  Code and data size: 0H
  __WINFLAGS      

__D000h           Offset: 000025b0H  Code and data size: 0H
  __D000h         

LONGPTRADD        Offset: 000025e0H  Code and data size: 0H
  LONGPTRADD      

__B000h           Offset: 00002610H  Code and data size: 0H
  __B000h         

__B800h           Offset: 00002640H  Code and data size: 0H
  __B800h         

__0000h           Offset: 00002670H  Code and data size: 0H
  __0000h         

GLOBALDOSALLOC    Offset: 000026a0H  Code and data size: 0H
  GLOBALDOSALLOC  

GLOBALDOSFREE     Offset: 000026e0H  Code and data size: 0H
  GLOBALDOSFREE   

GETSELECTORBASE   Offset: 00002720H  Code and data size: 0H
  GETSELECTORBASE 

SETSELECTORBASE   Offset: 00002760H  Code and data size: 0H
  SETSELECTORBASE 

GETSELECTORLIMIT  Offset: 000027a0H  Code and data size: 0H
  GETSELECTORLIMIT

SETSELECTORLIMIT  Offset: 000027e0H  Code and data size: 0H
  SETSELECTORLIMIT

__E000h           Offset: 00002820H  Code and data size: 0H
  __E000h         

GLOBALPAGELOCK    Offset: 00002850H  Code and data size: 0H
  GLOBALPAGELOCK  

GLOBALPAGEUNLOCK  Offset: 00002890H  Code and data size: 0H
  GLOBALPAGEUNLOCK

__0040h           Offset: 000028d0H  Code and data size: 0H
  __0040h         

__F000h           Offset: 00002900H  Code and data size: 0H
  __F000h         

__C000h           Offset: 00002930H  Code and data size: 0H
  __C000h         

SELECTORACCESSRIGHTS  Offset: 00002960H  Code and data size: 0H
  SELECTORACCESSRIGHTS              

GLOBALFIX         Offset: 000029b0H  Code and data size: 0H
  GLOBALFIX       

GLOBALUNFIX       Offset: 000029e0H  Code and data size: 0H
  GLOBALUNFIX     

SETHANDLECOUNT    Offset: 00002a20H  Code and data size: 0H
  SETHANDLECOUNT  

VALIDATEFREESPACES  Offset: 00002a60H  Code and data size: 0H
  VALIDATEFREESPACES                

REPLACEINST       Offset: 00002aa0H  Code and data size: 0H
  REPLACEINST     

REGISTERPTRACE    Offset: 00002ae0H  Code and data size: 0H
  REGISTERPTRACE  

DEBUGBREAK        Offset: 00002b20H  Code and data size: 0H
  DEBUGBREAK      

SWAPRECORDING     Offset: 00002b50H  Code and data size: 0H
  SWAPRECORDING   

CVWBREAK          Offset: 00002b90H  Code and data size: 0H
  CVWBREAK        

ALLOCSELECTORARRAY  Offset: 00002bc0H  Code and data size: 0H
  ALLOCSELECTORARRAY                

ISDBCSLEADBYTE    Offset: 00002c00H  Code and data size: 0H
  ISDBCSLEADBYTE  

LOCALHANDLEDELTA  Offset: 00002c40H  Code and data size: 0H
  LOCALHANDLEDELTA

GETSETKERNELDOSPROC  Offset: 00002c80H  Code and data size: 0H
  GETSETKERNELDOSPROC               

DEBUGDEFINESEGMENT  Offset: 00002cd0H  Code and data size: 0H
  DEBUGDEFINESEGMENT                

WRITEOUTPROFILES  Offset: 00002d10H  Code and data size: 0H
  WRITEOUTPROFILES

GETFREEMEMINFO    Offset: 00002d50H  Code and data size: 0H
  GETFREEMEMINFO  

FATALEXITHOOK     Offset: 00002d90H  Code and data size: 0H
  FATALEXITHOOK   

FLUSHCACHEDFILEHANDLE  Offset: 00002dd0H  Code and data size: 0H
  FLUSHCACHEDFILEHANDLE             

ISTASK            Offset: 00002e20H  Code and data size: 0H
  ISTASK          

ISROMMODULE       Offset: 00002e50H  Code and data size: 0H
  ISROMMODULE     

LOGERROR          Offset: 00002e90H  Code and data size: 0H
  LOGERROR        

LOGPARAMERROR     Offset: 00002ec0H  Code and data size: 0H
  LOGPARAMERROR   

ISROMFILE         Offset: 00002f00H  Code and data size: 0H
  ISROMFILE       

K327              Offset: 00002f30H  Code and data size: 0H
  K327            

_DebugOutput      Offset: 00002f60H  Code and data size: 0H
  _DebugOutput    

K329              Offset: 00002fa0H  Code and data size: 0H
  K329            

THHOOK            Offset: 00002fd0H  Code and data size: 0H
  THHOOK          

ISBADREADPTR      Offset: 00003000H  Code and data size: 0H
  ISBADREADPTR    

ISBADWRITEPTR     Offset: 00003040H  Code and data size: 0H
  ISBADWRITEPTR   

ISBADCODEPTR      Offset: 00003080H  Code and data size: 0H
  ISBADCODEPTR    

ISBADSTRINGPTR    Offset: 000030c0H  Code and data size: 0H
  ISBADSTRINGPTR  

HASGPHANDLER      Offset: 00003100H  Code and data size: 0H
  HASGPHANDLER    

DIAGQUERY         Offset: 00003140H  Code and data size: 0H
  DIAGQUERY       

DIAGOUTPUT        Offset: 00003170H  Code and data size: 0H
  DIAGOUTPUT      

TOOLHELPHOOK      Offset: 000031a0H  Code and data size: 0H
  TOOLHELPHOOK    

__GP              Offset: 000031e0H  Code and data size: 0H
  __GP            

REGISTERWINOLDAPHOOK  Offset: 00003210H  Code and data size: 0H
  REGISTERWINOLDAPHOOK              

GETWINOLDAPHOOKS  Offset: 00003260H  Code and data size: 0H
  GETWINOLDAPHOOKS

ISSHAREDSELECTOR  Offset: 000032a0H  Code and data size: 0H
  ISSHAREDSELECTOR

ISBADHUGEREADPTR  Offset: 000032e0H  Code and data size: 0H
  ISBADHUGEREADPTR

ISBADHUGEWRITEPTR  Offset: 00003320H  Code and data size: 0H
  ISBADHUGEWRITEPTR                 

HMEMCPY           Offset: 00003360H  Code and data size: 0H
  HMEMCPY         

_HREAD            Offset: 00003390H  Code and data size: 0H
  _HREAD          

_HWRITE           Offset: 000033c0H  Code and data size: 0H
  _HWRITE         

BUNNY_351         Offset: 000033f0H  Code and data size: 0H
  BUNNY_351       

LSTRCPYN          Offset: 00003420H  Code and data size: 0H
  LSTRCPYN        

GETAPPCOMPATFLAGS  Offset: 00003450H  Code and data size: 0H
  GETAPPCOMPATFLAGS                 

GETWINDEBUGINFO   Offset: 00003490H  Code and data size: 0H
  GETWINDEBUGINFO 

SETWINDEBUGINFO   Offset: 000034d0H  Code and data size: 0H
  SETWINDEBUGINFO 

K403              Offset: 00003510H  Code and data size: 0H
  K403            

K404              Offset: 00003540H  Code and data size: 0H
  K404            
