HARNESS=COOKIE_NATIVE_WIN16
SCREEN_WIDTH=320
SCREEN_HEIGHT=200
WIN_FLAGS=64
PASS=windows-real-mode
PASS=native-window-class
PASS=native-window-created
CLIENT_WIDTH=320
CLIENT_HEIGHT=185
PASS=native-buy-control-created
PASS=new-game-zero
PASS=buy-enabled-under-cost
PASS=outside-click-rejected
PASS=bounding-corner-rejected
PASS=center-click-accepted
PASS=beyond-radius-rejected
PASS=space-key-click
PASS=buy-enabled-at-cost
PASS=buy-cost-and-cps
PASS=upgrade-key-cost-and-cps
PASS=buy-stays-enabled-below-cost
PASS=insufficient-buy-preserves-and-explains
PASS=buy-enabled-at-cps-cap
PASS=cps-cap-preserves-money-and-explains
PASS=click-saturates
PASS=timer-adds-cps
PASS=unrelated-timer-ignored
PASS=timer-saturates
PASS=timer-remains-saturated
PASS=zero-cps-stable
PASS=save-native-write-success
PASS=save-exact-twelve-bytes
PASS=save-version-signature
PASS=save-native-checksum
PASS=save-load-roundtrip
PASS=maximum-fixture-written
PASS=maximum-state-loads
PASS=zero-fixture-written
PASS=zero-state-loads
PASS=single-byte-corruption-0
PASS=single-byte-corruption-1
PASS=single-byte-corruption-2
PASS=single-byte-corruption-3
PASS=single-byte-corruption-4
PASS=single-byte-corruption-5
PASS=single-byte-corruption-6
PASS=single-byte-corruption-7
PASS=single-byte-corruption-8
PASS=single-byte-corruption-9
PASS=single-byte-corruption-10
PASS=single-byte-corruption-11
PASS=truncated-save-0
PASS=truncated-save-1
PASS=truncated-save-2
PASS=truncated-save-3
PASS=truncated-save-4
PASS=truncated-save-5
PASS=truncated-save-6
PASS=truncated-save-7
PASS=truncated-save-8
PASS=truncated-save-9
PASS=truncated-save-10
PASS=truncated-save-11
PASS=extra-byte-save
PASS=bad-signature-valid-checksum
PASS=bad-version-valid-checksum
PASS=cookies-above-cap
PASS=cookies-positive-long-max
PASS=cookies-negative
PASS=cps-above-cap
PASS=cps-unsigned-max
PASS=missing-save-preserves
PASS=failed-save-reports-error
PASS=new-game-resets-loaded-state
PASS=native-timer-created
PASS=native-timer-messages-delivered
PASS=about-probe-callback-created
PASS=about-probe-timer-created
PASS=about-native-dialog-created
PASS=about-exact-client-148x136
PASS=about-within-physical-screen
PASS=about-native-ok-created
PASS=about-ok-geometry
PASS=about-text-no-row-overlap
PASS=about-text-clears-ok
PASS=about-text-width-fits
PASS=about-probe-ran
PASS=about-native-ok-closes-dialog
PASS_COUNT=82
FAIL_COUNT=0
COMPLETE=1
