START driver=C:\WINDOWS\SYSTEM\TNDY6402.DRV fast=1 width=640 colors=2 bios=6
END reason=keyboard fast=1 width=640 colors=2 bios=6 ticks=4 cells=4580 elapsed_ms=330 draw_ms=0 max_draw_ms=0 startup_ms=0 restore_ms=0 free_warm=251456 free_end=251456
QA step=0 changed_screen_bytes=0 active_ok=1
START driver=C:\WINDOWS\SYSTEM\TNDY6402.DRV fast=1 width=640 colors=2 bios=6
END reason=mouse-button fast=1 width=640 colors=2 bios=6 ticks=4 cells=4580 elapsed_ms=384 draw_ms=0 max_draw_ms=0 startup_ms=0 restore_ms=0 free_warm=251456 free_end=251456
QA step=1 changed_screen_bytes=0 active_ok=1
START driver=C:\WINDOWS\SYSTEM\TNDY6402.DRV fast=1 width=640 colors=2 bios=6
END reason=mouse-move fast=1 width=640 colors=2 bios=6 ticks=4 cells=4580 elapsed_ms=330 draw_ms=0 max_draw_ms=0 startup_ms=0 restore_ms=0 free_warm=251456 free_end=251456
QA step=2 changed_screen_bytes=0 active_ok=1
START driver=C:\WINDOWS\SYSTEM\TNDY6402.DRV fast=1 width=640 colors=2 bios=6
END reason=deactivated fast=1 width=640 colors=2 bios=6 ticks=4 cells=4580 elapsed_ms=330 draw_ms=0 max_draw_ms=0 startup_ms=0 restore_ms=0 free_warm=251456 free_end=251456
QA step=3 changed_screen_bytes=0 active_ok=1
START driver=C:\WINDOWS\SYSTEM\TNDY6402.DRV fast=1 width=640 colors=2 bios=6
END reason=close fast=1 width=640 colors=2 bios=6 ticks=4 cells=4580 elapsed_ms=384 draw_ms=0 max_draw_ms=0 startup_ms=0 restore_ms=0 free_warm=251456 free_end=251456
QA step=4 changed_screen_bytes=0 active_ok=1
START driver=C:\WINDOWS\SYSTEM\TNDY6402.DRV fast=1 width=640 colors=2 bios=6
END reason=keyboard fast=1 width=640 colors=2 bios=6 ticks=4 cells=4580 elapsed_ms=330 draw_ms=0 max_draw_ms=0 startup_ms=0 restore_ms=0 free_warm=251456 free_end=251456
QA step=5 changed_screen_bytes=0 active_ok=1
START driver=C:\WINDOWS\SYSTEM\TNDY6402.DRV fast=1 width=640 colors=2 bios=6
END reason=cancel-mode fast=1 width=640 colors=2 bios=6 ticks=4 cells=4580 elapsed_ms=330 draw_ms=0 max_draw_ms=0 startup_ms=0 restore_ms=0 free_warm=251456 free_end=251456
QA step=6 changed_screen_bytes=0 active_ok=1
START driver=C:\WINDOWS\SYSTEM\TNDY6402.DRV fast=1 width=640 colors=2 bios=6
END reason=shutdown fast=1 width=640 colors=2 bios=6 ticks=4 cells=4580 elapsed_ms=384 draw_ms=0 max_draw_ms=0 startup_ms=0 restore_ms=0 free_warm=251456 free_end=251456
QA step=7 changed_screen_bytes=0 active_ok=1
START driver=C:\WINDOWS\SYSTEM\TNDY6402.DRV fast=1 width=640 colors=2 bios=6
END reason=task-switch fast=1 width=640 colors=2 bios=6 ticks=4 cells=4580 elapsed_ms=330 draw_ms=0 max_draw_ms=0 startup_ms=0 restore_ms=0 free_warm=251456 free_end=251456
QA step=8 changed_screen_bytes=0 active_ok=1
START driver=C:\WINDOWS\SYSTEM\TNDY6402.DRV fast=1 width=640 colors=2 bios=6
QA repair=PASS
END reason=repaint-recovery fast=1 width=640 colors=2 bios=6 ticks=5 cells=6580 elapsed_ms=494 draw_ms=0 max_draw_ms=0 startup_ms=0 restore_ms=0 free_warm=251456 free_end=251456
QA step=9 changed_screen_bytes=0 active_ok=1
START driver=C:\WINDOWS\SYSTEM\TNDY6402.DRV fast=1 width=640 colors=2 bios=6
END reason=ownership-lost fast=1 width=640 colors=2 bios=6 ticks=4 cells=4580 elapsed_ms=494 draw_ms=0 max_draw_ms=0 startup_ms=0 restore_ms=0 free_warm=251456 free_end=251456
QA step=10 changed_screen_bytes=0 active_ok=1
QA DONE
QUIT clean
