HARNESS=ABOUT_NATIVE_WIN16
SCREEN_WIDTH=640
SCREEN_HEIGHT=200
WIN_FLAGS=64
PASS=windows-real-mode
PASS=windows-8086-flag
PASS=register
PASS=window
CLIENT_WIDTH=640
CLIENT_HEIGHT=185
COLORS=4
PLANES=4
BITS=1
VERSION=83886083
FREE_BYTES=299360
PASS=sample-version
PASS=sample-flags
PASS=sample-width
PASS=sample-height
PASS=actual-mode-colors
PASS=four-logical-planes
PASS=one-bit-per-plane
PASS=sample-free-memory-api
PASS=free-memory-plausible
PASS=control-created-0
PASS=control-label
PASS=control-geometry
PASS=control-in-client
PASS=control-created-1
PASS=control-label
PASS=control-geometry
PASS=control-in-client
PASS=control-created-2
PASS=control-label
PASS=control-geometry
PASS=control-in-client
PASS=control-created-3
PASS=control-label
PASS=control-geometry
PASS=control-in-client
FONT_HEIGHT=8
FONT_WIDTH=8
PASS=row-height
PASS=page-command
PASS=text-width-in-client
PASS=text-no-buffer-overflow
PASS=text-above-refresh
PASS=text-width-in-client
PASS=text-no-buffer-overflow
PASS=text-above-refresh
PASS=text-width-in-client
PASS=text-no-buffer-overflow
PASS=text-above-refresh
PASS=text-width-in-client
PASS=text-no-buffer-overflow
PASS=text-above-refresh
PASS=text-width-in-client
PASS=text-no-buffer-overflow
PASS=text-above-refresh
PASS=text-width-in-client
PASS=text-no-buffer-overflow
PASS=text-above-refresh
PASS=text-width-in-client
PASS=text-no-buffer-overflow
PASS=text-above-refresh
PASS=text-width-in-client
PASS=text-no-buffer-overflow
PASS=page-command
PASS=text-width-in-client
PASS=text-no-buffer-overflow
PASS=text-above-refresh
PASS=text-width-in-client
PASS=text-no-buffer-overflow
PASS=text-above-refresh
PASS=text-width-in-client
PASS=text-no-buffer-overflow
PASS=text-above-refresh
PASS=text-width-in-client
PASS=text-no-buffer-overflow
PASS=text-above-refresh
PASS=text-width-in-client
PASS=text-no-buffer-overflow
PASS=text-above-refresh
PASS=text-width-in-client
PASS=text-no-buffer-overflow
PASS=text-above-refresh
PASS=text-width-in-client
PASS=text-no-buffer-overflow
PASS=text-above-refresh
PASS=text-width-in-client
PASS=text-no-buffer-overflow
PASS=page-command
PASS=text-width-in-client
PASS=text-no-buffer-overflow
PASS=text-above-refresh
PASS=text-width-in-client
PASS=text-no-buffer-overflow
PASS=text-above-refresh
PASS=text-width-in-client
PASS=text-no-buffer-overflow
PASS=text-above-refresh
PASS=text-width-in-client
PASS=text-no-buffer-overflow
PASS=text-above-refresh
PASS=text-width-in-client
PASS=text-no-buffer-overflow
PASS=text-above-refresh
PASS=text-width-in-client
PASS=text-no-buffer-overflow
PASS=text-above-refresh
PASS=text-width-in-client
PASS=text-no-buffer-overflow
PASS=text-above-refresh
PASS=text-width-in-client
PASS=text-no-buffer-overflow
PASS=footer-bounds
PASS=system-title
PASS=system-version
PASS=system-mode
PASS=system-cpu
PASS=model-honesty
PASS=display-width
PASS=display-actual-colors
PASS=display-logical-planes
PASS=memory-kib
PASS=memory-honesty
PASS=cpu-unknown
PASS=cpu-186
PASS=cpu-286
PASS=cpu-386
PASS=cpu-486
PASS=key-s
PASS=key-d
PASS=key-m
PASS=right-wrap
PASS=left-wrap
PASS=unknown-key
PASS=tab-from-parent-selects-sys
PASS=tab-focus
PASS=tab-wrap
PASS=shift-tab-parent-refresh
PASS=shift-tab-wrap-refresh
PASS=shift-tab-backwards
PASS=refresh-key
PASS=refresh-values
PASS=refresh-keeps-page
PASS=escape-handled
PASS=escape-destroys
PASS=destroy-posts-quit
PASS=close-window-created
PASS=wm-close-destroys
PASS_COUNT=138
FAIL_COUNT=0
COMPLETE=1
