REAL_MODE=1
STEP=1
RUN_CLOSED=1
SHELL_SURVIVES=1
REAL_MODE=1
STEP=2
D_ORIGINAL_READ=1
D:\ONE=1
BEFORE_BROWSE=1
D_NAVIGATE=1
D_CHANGED=1
BROWSE_RESULT=0
BROWSE_CLOSE_UNCHANGED=1
C_RESTORED=1
D:\ONE=1
D_RESTORED=1
RUN_CLOSED=1
SHELL_SURVIVES=1
D:\ONE=1
D_RESTORED_AFTER_YIELD=1
REAL_MODE=1
STEP=3
RUN_CLOSED=1
SHELL_SURVIVES=1
ENTER_DRIVE_RELATIVE_ARGS=1
REAL_MODE=1
STEP=4
RUN_CLOSED=1
SHELL_SURVIVES=1
ENTER_MAX126_ARGS=1
REAL_MODE=1
STEP=5
RUN_CLOSED=1
SHELL_SURVIVES=1
NO_COMMDLG=1
COMPLETE=1
