SCREEN_WIDTH=640
SCREEN_HEIGHT=200
STOCK=13
HEIGHT=8
ASCENT=7
INTERNAL=1
EXTERNAL=0
AVERAGE=7
MAXIMUM=14
FIRST=32
LAST=255
DEFAULT=128
CHARSET=0
System
WIDTH_QUERY=1
STOCK=16
HEIGHT=8
ASCENT=7
INTERNAL=0
EXTERNAL=1
AVERAGE=8
MAXIMUM=8
FIRST=32
LAST=255
DEFAULT=128
CHARSET=0
System
WIDTH_QUERY=1
STOCK=10
HEIGHT=8
ASCENT=7
INTERNAL=0
EXTERNAL=0
AVERAGE=8
MAXIMUM=8
FIRST=1
LAST=254
DEFAULT=32
CHARSET=255
Terminal
WIDTH_QUERY=1
CLIENT_X=2
CLIENT_Y=16
CLIENT_WIDTH=636
CLIENT_HEIGHT=183
CAPTURE_PAGE=0
CAPTURE_BYTES=32768
CAPTURE_PAGE=1
CAPTURE_BYTES=32768
CAPTURE_PAGE=2
CAPTURE_BYTES=32768
CAPTURE_PAGE=3
CAPTURE_BYTES=32768
CAPTURE_PAGE=4
CAPTURE_BYTES=32768
CAPTURE_PAGE=5
CAPTURE_BYTES=32768
CAPTURE_PAGE=6
CAPTURE_BYTES=32768
CAPTURE_PAGE=7
CAPTURE_BYTES=32768
CAPTURE_PAGE=8
CAPTURE_BYTES=32768
CAPTURE_PAGE=9
CAPTURE_BYTES=32768
CAPTURE_PAGE=10
CAPTURE_BYTES=32768
CAPTURE_PAGE=11
CAPTURE_BYTES=32768
DONE=1
