START=1
WINDOW=4280
TIMER=207
SYS_AVG_WIDTH=8
SYS_MAX_WIDTH=8
SYS_FONT_HEIGHT=8
WIDTH=640
HEIGHT=200
COLORS=2
MODE=3
MEMORY_KB=624
BDA_MODE=3
COLUMNS=80
PAGE_BYTES=4096
PROGMAN_HWND=4524
PROGMAN_MODULE=18937
SAVE_DDB=1
PIXEL_MISMATCHES=0
DOUBLE_XOR_MISMATCHES=0
SCREEN_COPY_MISMATCHES=0
GDI_DONE=1
NOTEPAD_EXEC=866
NOTEPAD_HWND=6152
NOTEPAD_MODULE=4475
EDIT_HWND=6236
NOTEPAD_MODE=3
EDIT_TEXT_LENGTH=47
RESTORE_PIXEL_MISMATCHES=0
RESTORE_CELL_BYTE_DIFFERENCES=60
DONE=1
