SCREEN_WIDTH=320
SCREEN_HEIGHT=200
DIALOG_BASE=786440
STOCK=13
HEIGHT=12
ASCENT=10
INTERNAL=2
EXTERNAL=0
AVERAGE=7
MAXIMUM=14
FIRST=32
LAST=255
DEFAULT=128
CHARSET=0
System
STOCK=16
HEIGHT=10
ASCENT=9
INTERNAL=2
EXTERNAL=0
AVERAGE=8
MAXIMUM=8
FIRST=32
LAST=255
DEFAULT=128
CHARSET=0
System
STOCK=10
HEIGHT=8
ASCENT=7
INTERNAL=0
EXTERNAL=0
AVERAGE=8
MAXIMUM=8
FIRST=1
LAST=254
DEFAULT=32
CHARSET=255
Terminal
SNAPSHOT_BYTES=32768
DIALOG_LEFT=0
DIALOG_RIGHT=218
DIALOG_BOTTOM=117
DIALOG_SCREEN_OVERFLOW=0
CANCEL_TEXT_WIDTH=44
CANCEL_CLIENT_WIDTH=88
SNAPSHOT_BYTES=32768
DIALOG_RESULT=1
DONE=1
