VFAT.C
RAWREAD.C
TSNAMES.C
TSHELL.C
TSHOLD.C
TSBOOT.C
PROGMENU.C
GRPREAD.C
TNOTICE.C
TSAUX.C
TSSAVER.C
TSSAVCFG.C
TSSVOPT.C
SCFGCORE.C
SVCORE.C
TSDATE.C
DTCORE.C

Microsoft (R) Segmented-Executable Linker  Version 5.01.17
Copyright (C) Microsoft Corp 1984-1988.  All rights reserved.

Object Modules [.OBJ]: VFAT.OBJ RAWREAD.OBJ TSNAMES.OBJ TSHELL.OBJ TSHOLD.OBJ TSBOOT.OBJ+
Object Modules [.OBJ]: PROGMENU.OBJ GRPREAD.OBJ TNOTICE.OBJ TSAUX.OBJ+
Object Modules [.OBJ]: TSSAVER.OBJ TSSAVCFG.OBJ TSSVOPT.OBJ SCFGCORE.OBJ SVCORE.OBJ TSDATE.OBJ DTCORE.OBJ
Run File [VFAT.EXE]: TSHELL.EXE
List File [D:TSHELL.MAP]: TSHELL.MAP
Libraries [.LIB]: C:\LIB\SLIBCEW.LIB C:\LIB\LIBW.LIB
Definitions File [NUL.DEF]: TSHELL.DEF
TINST.C
SHELLSEL.C

Microsoft (R) Segmented-Executable Linker  Version 5.01.17
Copyright (C) Microsoft Corp 1984-1988.  All rights reserved.


Microsoft (R) Segmented-Executable Linker  Version 5.01.17
Copyright (C) Microsoft Corp 1984-1988.  All rights reserved.

PASS
