
 GIFLOAD

 Start     Length     Name                   Class
 0001:0000 044A5H     _TEXT                  CODE
 0002:0000 00010H     NULL                   BEGDATA
 0002:0010 008D2H     _DATA                  DATA
 0002:08E2 0000EH     CDATA                  DATA
 0002:08F0 00000H     XIFB                   DATA
 0002:08F0 00000H     XIF                    DATA
 0002:08F0 00000H     XIFE                   DATA
 0002:08F0 00000H     XIB                    DATA
 0002:08F0 00000H     XI                     DATA
 0002:08F0 00000H     XIE                    DATA
 0002:08F0 00000H     XPB                    DATA
 0002:08F0 00002H     XP                     DATA
 0002:08F2 00000H     XPE                    DATA
 0002:08F2 00000H     XCB                    DATA
 0002:08F2 00000H     XC                     DATA
 0002:08F2 00000H     XCE                    DATA
 0002:08F2 00000H     XCFB                   DATA
 0002:08F2 00000H     XCF                    DATA
 0002:08F2 00000H     XCFE                   DATA
 0002:08F2 0000CH     DBDATA                 DATA
 0002:08FE 00002H     XIQC                   DATA
 0002:0900 00000H     CONST                  CONST
 0002:0900 00019H     HDR                    MSG
 0002:0919 000B1H     MSG                    MSG
 0002:09CA 00002H     PAD                    MSG
 0002:09CC 00001H     EPAD                   MSG
 0002:09D0 04520H     _BSS                   BSS
 0002:4EF0 00000H     XOB                    BSS
 0002:4EF0 00000H     XO                     BSS
 0002:4EF0 00000H     XOE                    BSS
 0002:4EF0 00140H     c_common               BSS

 Origin   Group
 0002:0   DGROUP

 Address   Export                  Alias

 0001:0314 WndProc                 WndProc

Program entry point at 0001:18F3
