CASE 0 1 1 OK
CASE 1 1 1 OK
CASE 2 1 1 OK
CASE 3 1 1 OK
CASE 4 1 1 OK
CASE 5 1 1 OK
CASE 6 1 1 OK
CASE 7 1 1 OK
CASE 8 1 1 OK
CASE 9 1 1 OK
CASE 10 1 1 OK
CASE 11 1 1 OK
CASE 12 1 1 OK
CASE 13 1 1 OK
CASE 14 1 1 OK
CASE 15 1 1 OK
CASE 16 1 1 OK
CASE 17 1 1 OK
CASE 18 1 1 OK
CASE 19 1 1 OK
CASE 20 1 1 OK
CASE 21 1 1 OK
CASE 22 1 1 OK
CASE 23 1 1 OK
CASE 24 1 1 OK
CASE 25 1 1 OK
CASE 26 1 1 OK
CASE 27 1 1 OK
CASE 28 1 1 OK
CASE 29 1 1 OK
CASE 30 1 1 OK
CASE 31 1 1 OK
CASE 32 1 1 OK
CASE 33 1 1 OK
CASE 34 1 1 OK
CASE 35 1 1 OK
CASE 36 1 1 OK
CASE 37 1 1 OK
CASE 38 1 1 OK
CASE 39 1 1 OK
CASE 40 1 1 OK
CASE 41 1 1 OK
CASE 42 1 1 OK
CASE 43 1 1 OK
CASE 44 1 1 OK
CASE 45 1 1 OK
CASE 46 1 1 OK
CASE 47 1 1 OK
CASE 48 1 1 OK
CASE 49 1 1 OK
CASE 50 1 1 OK
CASE 51 1 1 OK
CASE 52 1 1 OK
CASE 53 1 1 OK
CASE 54 1 1 OK
CASE 55 1 1 OK
CASE 56 1 1 OK
CASE 57 1 1 OK
CASE 58 1 1 OK
CASE 59 1 1 OK
CASE 60 1 1 OK
CASE 61 1 1 OK
CASE 62 1 1 OK
CASE 63 1 1 OK
CASE 64 1 1 OK
CASE 65 1 1 OK
CASE 66 1 1 OK
CASE 67 1 1 OK
CASE 68 1 1 OK
CASE 69 1 1 OK
CASE 70 1 1 OK
CASE 71 1 1 OK
CASE 72 1 1 OK
CASE 73 1 1 OK
CASE 74 1 1 OK
CASE 75 1 1 OK
CASE 76 1 1 OK
CASE 77 1 1 OK
CASE 78 1 1 OK
CASE 79 1 1 OK
CASE 80 1 1 OK
CASE 81 1 1 OK
CASE 82 1 1 OK
CASE 83 1 1 OK
CASE 84 1 1 OK
CASE 85 1 1 OK
CASE 86 1 1 OK
CASE 87 1 1 OK
CASE 88 1 1 OK
CASE 89 1 1 OK
CASE 90 1 1 OK
CASE 91 1 1 OK
CASE 92 1 1 OK
CASE 93 1 1 OK
CASE 94 1 1 OK
CASE 95 1 1 OK
CASE 96 1 1 OK
CASE 97 1 1 OK
CASE 98 1 1 OK
CASE 99 1 1 OK
CASE 100 1 1 OK
CASE 101 1 1 OK
CASE 102 1 1 OK
CASE 103 1 1 OK
CASE 104 1 1 OK
CASE 105 1 1 OK
CASE 106 1 1 OK
CASE 107 1 1 OK
CASE 108 1 1 OK
CASE 109 1 1 OK
CASE 110 1 1 OK
CASE 111 1 1 OK
CASE 112 1 1 OK
CASE 113 1 1 OK
CASE 114 1 1 OK
CASE 115 1 1 OK
CASE 116 1 1 OK
CASE 117 1 1 OK
CASE 118 1 1 OK
CASE 119 1 1 OK
CASE 120 1 1 OK
CASE 121 1 1 OK
CASE 122 1 1 OK
CASE 123 1 1 OK
CASE 124 1 1 OK
CASE 125 1 1 OK
CASE 126 1 1 OK
CASE 127 1 1 OK
CASE 128 1 1 OK
CASE 129 1 1 OK
CASE 130 1 1 OK
CASE 131 1 1 OK
CASE 132 1 1 OK
CASE 133 1 1 OK
CASE 134 1 1 OK
CASE 135 1 1 OK
CASE 136 1 1 OK
CASE 137 1 1 OK
CASE 138 1 1 OK
CASE 139 1 1 OK
CASE 140 1 1 OK
CASE 141 1 1 OK
CASE 142 1 1 OK
CASE 143 1 1 OK
CASE 144 1 1 OK
CASE 145 1 1 OK
CASE 146 1 1 OK
CASE 147 1 1 OK
CASE 148 1 1 OK
CASE 149 1 1 OK
CASE 150 1 1 OK
CASE 151 1 1 OK
CASE 152 1 1 OK
CASE 153 1 1 OK
CASE 154 1 1 OK
CASE 155 1 1 OK
CASE 156 1 1 OK
CASE 157 1 1 OK
CASE 158 1 1 OK
CASE 159 1 1 OK
CASE 160 1 1 OK
CASE 161 1 1 OK
CASE 162 1 1 OK
CASE 163 1 1 OK
CASE 164 1 1 OK
CASE 165 1 1 OK
CASE 166 1 1 OK
CASE 167 1 1 OK
CASE 168 1 1 OK
CASE 169 1 1 OK
CASE 170 1 1 OK
CASE 171 1 1 OK
CASE 172 1 1 OK
CASE 173 1 1 OK
CASE 174 1 1 OK
CASE 175 1 1 OK
CASE 176 1 1 OK
CASE 177 1 1 OK
CASE 178 1 1 OK
CASE 179 1 1 OK
CASE 180 1 1 OK
CASE 181 1 1 OK
CASE 182 1 1 OK
CASE 183 1 1 OK
CASE 184 0 0 Not GIF87a/GIF89a
CASE 185 0 0 Not GIF87a/GIF89a
CASE 186 0 0 Not GIF87a/GIF89a
CASE 187 0 0 Not GIF87a/GIF89a
CASE 188 0 0 Not GIF87a/GIF89a
CASE 189 0 0 Not GIF87a/GIF89a
CASE 190 0 0 Truncated screen
CASE 191 0 0 Truncated screen
CASE 192 0 0 Truncated screen
CASE 193 0 0 Truncated screen
CASE 194 0 0 Truncated screen
CASE 195 0 0 Truncated screen
CASE 196 0 0 Truncated screen
CASE 197 0 0 Truncated palette
CASE 198 0 0 Truncated palette
CASE 199 0 0 Truncated palette
CASE 200 0 0 Truncated palette
CASE 201 0 0 Truncated palette
CASE 202 0 0 Truncated palette
CASE 203 0 0 Truncated palette
CASE 204 0 0 Truncated palette
CASE 205 0 0 Truncated palette
CASE 206 0 0 Truncated palette
CASE 207 0 0 Truncated palette
CASE 208 0 0 Truncated palette
CASE 209 0 0 Missing GIF trailer
CASE 210 0 0 Truncated image descriptor
CASE 211 0 0 Truncated image descriptor
CASE 212 0 0 Truncated image descriptor
CASE 213 0 0 Truncated image descriptor
CASE 214 0 0 Truncated image descriptor
CASE 215 0 0 Truncated image descriptor
CASE 216 0 0 Truncated image descriptor
CASE 217 0 0 Truncated image descriptor
CASE 218 0 0 Truncated image descriptor
CASE 219 0 0 Invalid LZW minimum
CASE 220 0 0 Missing initial clear
CASE 221 0 0 Missing initial clear
CASE 222 0 0 Truncated LZW stream
CASE 223 0 0 Truncated LZW stream
CASE 224 0 0 Truncated LZW stream
CASE 225 0 0 Truncated LZW stream
CASE 226 0 0 Data after LZW end
CASE 227 0 0 Missing GIF trailer
CASE 228 0 0 Trailing data
CASE 229 0 0 Multiple images unsupported
CASE 230 0 0 Transparency unsupported
CASE 231 0 0 Application/text extensions unsupported
CASE 232 0 0 Subrect images unsupported
CASE 233 0 0 Limit is 320 by 200
CASE 234 0 0 Limit is 320 by 200
CASE 235 0 0 Invalid LZW minimum
CASE 236 0 0 Invalid LZW minimum
CASE 237 0 0 Missing initial clear
CASE 238 0 0 Invalid first LZW code
CASE 239 0 0 Wrong pixel count
CASE 240 0 0 Too many pixels
CASE 241 0 0 Pixel outside palette
CASE 242 0 0 Input exceeds 256 KB
PASS
FREE_BEFORE=304192
FREE_AFTER=304192
